// Vitest Snapshot v1

exports[`CertificatesSection > renders correctly with open false 1`] = `
<body>
  <div>
    <section
      id="cvCertificates"
    >
      <div
        class="border-b-2 border-black dark:border-neutral-500 pb-3"
      >
        <h3
          class="uppercase text-2xl font-bold text-right"
        >
          Certificates
        </h3>
      </div>
       
      <div
        class="border-t-4 border-black dark:border-neutral-500 mt-0.5"
      />
      <!--&lt;SectionHeading&gt;-->
       
      <div
        class="pt-8 font-bold"
      >
        <div
          class="flex items-center"
        >
          <span
            class="text-lg"
          >
            testing-title
          </span>
           
          <span
            class="px-6 py-0.5 ml-2 bg-black dark:bg-neutral-300 dark:text-dark-900 text-white rounded-full font-extrabold text-xs"
          >
            1
          </span>
        </div>
         
        <hr
          class="border dark:border-neutral-500 border-black my-4"
        />
         
        <div
          class="grid grid-cols-2 items-center"
        >
          <p
            class="sm:col-span-1 text-lg leading-none"
          >
            testing
          </p>
           
          <div
            class="col-span-1 text-right"
          >
            <span
              class="px-4 py-0.5 border border-black dark:border-neutral-500 rounded-full text-xs uppercase"
            >
              Jan 2023
            </span>
          </div>
        </div>
         
        
         
        
      </div>
    </section>
    <!--&lt;CertificatesSection&gt;-->
  </div>
</body>
`;
