// Vitest Snapshot v1

exports[`Sidebar > renders correctly with open false 1`] = `
<body>
  <div>
    
    <!--&lt;Sidebar&gt;-->
  </div>
</body>
`;

exports[`Sidebar > renders correctly with open true 1`] = `
<body>
  <div>
    <aside
      class="absolute w-full h-full z-10 bg-gray-200 dark:bg-dark-700 dark:text-neutral-300 dark:border-none border-l-2 shadow-lg s-RQ-jkbaw6IIv open"
    >
      <nav
        class="p-4 mt-14 text-xl s-RQ-jkbaw6IIv"
      >
        <a
          aria-label="About Page"
          class="px-4 py-2 block rounded-md hover:bg-slate-200 dark:hover:bg-dark-900 leading-10 uppercase s-RQ-jkbaw6IIv"
          href="/about"
          title="About Page"
        >
          About
           
        </a>
        <a
          aria-label="Projects Page"
          class="px-4 py-2 block rounded-md hover:bg-slate-200 dark:hover:bg-dark-900 leading-10 uppercase s-RQ-jkbaw6IIv"
          href="/projects"
          title="Projects Page"
        >
          Projects
           
        </a>
        <a
          aria-label="Blog Page"
          class="px-4 py-2 block rounded-md hover:bg-slate-200 dark:hover:bg-dark-900 leading-10 uppercase s-RQ-jkbaw6IIv"
          href="/blog"
          title="Blog Page"
        >
          Blog
           
        </a>
        <a
          aria-label="Resources Page"
          class="px-4 py-2 block rounded-md hover:bg-slate-200 dark:hover:bg-dark-900 leading-10 uppercase s-RQ-jkbaw6IIv"
          href="/resources"
          title="Resources Page"
        >
          Resources
           
        </a>
      </nav>
    </aside>
    
    <!--&lt;Sidebar&gt;-->
  </div>
</body>
`;
